Char: #, Freq: 178
Char: h, Freq: 73
Char: #, Freq: 105
Char: d, Freq: 46
Char: #, Freq: 59
Char: p, Freq: 23
Char: #, Freq: 36
Char: #, Freq: 17
Char: T, Freq: 7
Char: #, Freq: 10
Char: #, Freq: 3
Char: E, Freq: 1
Char: N, Freq: 2
Char: G, Freq: 7
Char: g, Freq: 19
